// Jest Snapshot v1, https://goo.gl/fbAQLP

exports[`Test serialize 1`] = `
{
  "input_variables": [
    "context",
    "foo",
    "bar",
  ],
  "output_parser": undefined,
  "prompt_messages": [
    {
      "_type": "SystemMessagePromptTemplate",
      "prompt": {
        "inputVariables": [
          "context",
        ],
        "template": "Here's some context: {context}",
        "templateFormat": "f-string",
        "validateTemplate": true,
      },
    },
    {
      "_type": "UserMessagePromptTemplate",
      "prompt": {
        "inputVariables": [
          "foo",
          "bar",
          "context",
        ],
        "template": "Hello {foo}, I'm {bar}. Thanks for the {context}",
        "templateFormat": "f-string",
        "validateTemplate": true,
      },
    },
    {
      "_type": "AssistantMessagePromptTemplate",
      "prompt": {
        "inputVariables": [
          "foo",
          "bar",
        ],
        "template": "I'm an AI. I'm {foo}. I'm {bar}.",
        "templateFormat": "f-string",
        "validateTemplate": true,
      },
    },
  ],
  "template_format": "f-string",
}
`;